C:\Users\A200311706\OneDrive - Deutsche Telekom AG\Dokumente\GitHub\HEMA-rulebook-hun\.venv\Scripts\python.exe: No module named pytest
